select 1;
 ?column? 
----------
        1
(1 row)

select extname from pg_extension where extname='diskquota';
 extname 
---------
(0 rows)

